// Jest Snapshot v1, https://goo.gl/fbAQLP

exports[`ArticleListing component with mock data 1`] = `
<ul
  className="list"
>
  <li
    className="listItem"
    onClick={[Function]}
  >
    <p
      className="date date"
    >
      2024-03-27
    </p>
    <div
      className="content"
    >
      <div
        className="details"
      >
        <p
          className="section"
        >
          Well
        </p>
        <p
          className="title"
        >
          More Young People Than Ever Will Get Colorectal Cancer This Year
        </p>
        <p
          className="paragraph"
        >
          Colon and rectal cancers are increasing among people younger than 50. Experts have a few ideas about why.
        </p>
        <p
          className="cta"
        >
          By Knvul Sheikh
        </p>
      </div>
      <figure
        className="imageSection"
      >
        <img
          height={140}
          src="https://static01.nyt.com/images/2024/03/27/well/27Well-Colon-Cancer/27Well-Colon-Cancer-mediumThreeByTwo210.jpg"
          width={210}
        />
      </figure>
    </div>
  </li>
</ul>
`;

exports[`ArticleListingContainer snapshot returns details 1`] = `
<svg
  height={60}
  preserveAspectRatio="xMidYMid"
  style={
    Object {
      "background": "transparent",
      "display": "block",
      "height": "calc(100vh - 107px)",
      "margin": "auto",
      "shapeRendering": "auto",
    }
  }
  viewBox="0 0 100 100"
  width={60}
  xmlns="http://www.w3.org/2000/svg"
>
  <circle
    cx={50}
    cy={50}
    fill="none"
    r={23}
    stroke="black"
    strokeDasharray="108.38494654884786 38.12831551628262"
    strokeWidth={10}
  >
    <animateTransform
      attributeName="transform"
      dur="1s"
      keyTimes="0;1"
      repeatCount="indefinite"
      type="rotate"
      values="0 50 50;360 50 50"
    />
  </circle>
</svg>
`;

exports[`ArticleListingContainer snapshot returns null 1`] = `
<svg
  height={60}
  preserveAspectRatio="xMidYMid"
  style={
    Object {
      "background": "transparent",
      "display": "block",
      "height": "calc(100vh - 107px)",
      "margin": "auto",
      "shapeRendering": "auto",
    }
  }
  viewBox="0 0 100 100"
  width={60}
  xmlns="http://www.w3.org/2000/svg"
>
  <circle
    cx={50}
    cy={50}
    fill="none"
    r={23}
    stroke="black"
    strokeDasharray="108.38494654884786 38.12831551628262"
    strokeWidth={10}
  >
    <animateTransform
      attributeName="transform"
      dur="1s"
      keyTimes="0;1"
      repeatCount="indefinite"
      type="rotate"
      values="0 50 50;360 50 50"
    />
  </circle>
</svg>
`;

exports[`ArticleListingContainer with contextWrapper with default props 1`] = `
<svg
  height={60}
  preserveAspectRatio="xMidYMid"
  style={
    Object {
      "background": "transparent",
      "display": "block",
      "height": "calc(100vh - 107px)",
      "margin": "auto",
      "shapeRendering": "auto",
    }
  }
  viewBox="0 0 100 100"
  width={60}
  xmlns="http://www.w3.org/2000/svg"
>
  <circle
    cx={50}
    cy={50}
    fill="none"
    r={23}
    stroke="black"
    strokeDasharray="108.38494654884786 38.12831551628262"
    strokeWidth={10}
  >
    <animateTransform
      attributeName="transform"
      dur="1s"
      keyTimes="0;1"
      repeatCount="indefinite"
      type="rotate"
      values="0 50 50;360 50 50"
    />
  </circle>
</svg>
`;
