// Jest Snapshot v1, https://goo.gl/fbAQLP

exports[`Articles Articles snapshot returns details 1`] = `
<svg
  height={60}
  preserveAspectRatio="xMidYMid"
  style={
    Object {
      "background": "transparent",
      "display": "block",
      "height": "calc(100vh - 107px)",
      "margin": "auto",
      "shapeRendering": "auto",
    }
  }
  viewBox="0 0 100 100"
  width={60}
  xmlns="http://www.w3.org/2000/svg"
>
  <circle
    cx={50}
    cy={50}
    fill="none"
    r={23}
    stroke="black"
    strokeDasharray="108.38494654884786 38.12831551628262"
    strokeWidth={10}
  >
    <animateTransform
      attributeName="transform"
      dur="1s"
      keyTimes="0;1"
      repeatCount="indefinite"
      type="rotate"
      values="0 50 50;360 50 50"
    />
  </circle>
</svg>
`;

exports[`Articles Articles snapshot returns null 1`] = `
<svg
  height={60}
  preserveAspectRatio="xMidYMid"
  style={
    Object {
      "background": "transparent",
      "display": "block",
      "height": "calc(100vh - 107px)",
      "margin": "auto",
      "shapeRendering": "auto",
    }
  }
  viewBox="0 0 100 100"
  width={60}
  xmlns="http://www.w3.org/2000/svg"
>
  <circle
    cx={50}
    cy={50}
    fill="none"
    r={23}
    stroke="black"
    strokeDasharray="108.38494654884786 38.12831551628262"
    strokeWidth={10}
  >
    <animateTransform
      attributeName="transform"
      dur="1s"
      keyTimes="0;1"
      repeatCount="indefinite"
      type="rotate"
      values="0 50 50;360 50 50"
    />
  </circle>
</svg>
`;

exports[`Articles Articles with contextWrapper with default props 1`] = `
<svg
  height={60}
  preserveAspectRatio="xMidYMid"
  style={
    Object {
      "background": "transparent",
      "display": "block",
      "height": "calc(100vh - 107px)",
      "margin": "auto",
      "shapeRendering": "auto",
    }
  }
  viewBox="0 0 100 100"
  width={60}
  xmlns="http://www.w3.org/2000/svg"
>
  <circle
    cx={50}
    cy={50}
    fill="none"
    r={23}
    stroke="black"
    strokeDasharray="108.38494654884786 38.12831551628262"
    strokeWidth={10}
  >
    <animateTransform
      attributeName="transform"
      dur="1s"
      keyTimes="0;1"
      repeatCount="indefinite"
      type="rotate"
      values="0 50 50;360 50 50"
    />
  </circle>
</svg>
`;
